package p

func positive() {
	var s string
	words := []string{"one", "two", "three"}
	var s_sb strings.Builder
	for w := range words {
		s_sb.WriteString(words[w]) // want "concat-loop: string concatenation in a loop"
	}
	s = s_sb.String()
	var s_sb strings.Builder
	for w := range words {
		s_sb.WriteString(words[w]) // want "concat-loop: string concatenation in a loop"
	}
	s = s_sb.String()
	var s_sb strings.Builder
	for w := 0; w < 10; w++ {
		s_sb.WriteString("y") // want "concat-loop: string concatenation in a loop"
	}
	s = s_sb.String()
	var s_sb strings.Builder
	for w := 0; w < 10; w++ {
		if w%2 == 1 {
			s_sb.WriteString("y") // want "concat-loop: string concatenation in a loop"
		}
	}
	s = s_sb.String()
	nb := 0
	var s_sb strings.Builder
	for w := 0; w < 10; w++ {
		if w%2 == 1 {
			nb += 1
		} else {
			s_sb.WriteString("y") // want "concat-loop: string concatenation in a loop"
		}
	}
	s = s_sb.String()
}

func negative() {
	for w := 0; w < 10; w++ {
		s := "local"
		s = s + "y"
	}
	for w := 0; w < 10; w++ {
		var s string
		s = s + "y"
	}
	for w := 0; w < 10; w++ {
		var s2, s string
		s = s + "y"
		_ = s
		_ = s2
	}
	for w := 0; w < 10; w++ {
		s2, s := "local", "same"
		s = s + "y"
		_ = s
		_ = s2
	}
	nb := 0
	for w := 0; w < 10; w++ {
		nb += w
	}
	for w := 0; w < 10; w++ {
		nb = nb + w
	}
	words := []string{"one", "two", "three"}
	var s string
	for w := range words {
		s = "toto" + words[w]
	}
	var s2 string
	for w := range words {
		s = s2 + words[w]
	}
	_ = s
	_ = s2
}
